Archive member included to satisfy reference by file (symbol)

../../FreeRTOS/FreeRTOS/Source/gcc/libFreeRTOSCore.a(tasks.o)
                              gcc/project.o (xTaskCreate)
../../FreeRTOS/FreeRTOS/Source/gcc/libFreeRTOSCore.a(list.o)
                              ../../FreeRTOS/FreeRTOS/Source/gcc/libFreeRTOSCore.a(tasks.o) (vListInitialise)
../../FreeRTOS/FreeRTOS/Source/portable/MemMang/gcc/libFreeRTOSCore2.a(heap_1.o)
                              ../../FreeRTOS/FreeRTOS/Source/gcc/libFreeRTOSCore.a(tasks.o) (pvPortMalloc)
../../FreeRTOS/FreeRTOS/Source/portable/GCC/ARM_CM4F/gcc/libFreeRTOSCore3.a(port.o)
                              ../../FreeRTOS/FreeRTOS/Source/gcc/libFreeRTOSCore.a(tasks.o) (pxPortInitialiseStack)
../../TivaWare/driverlib/gcc/libdriver.a(gpio.o)
                              gcc/project.o (GPIOPadConfigSet)
../../TivaWare/driverlib/gcc/libdriver.a(interrupt.o)
                              ../../TivaWare/driverlib/gcc/libdriver.a(gpio.o) (IntRegister)
../../TivaWare/driverlib/gcc/libdriver.a(sysctl.o)
                              gcc/project.o (SysCtlPeripheralReady)
../../TivaWare/driverlib/gcc/libdriver.a(cpu.o)
                              ../../TivaWare/driverlib/gcc/libdriver.a(interrupt.o) (CPUcpsid)
/home/calper/gcc-arm-none-eabi-10.3-2021.10-x86_64-linux/gcc-arm-none-eabi-10.3-2021.10/bin/../lib/gcc/arm-none-eabi/10.3.1/../../../../arm-none-eabi/lib/thumb/v7e-m+fp/hard/libc.a(lib_a-memcpy.o)
                              gcc/startup_gcc.o (memcpy)

Discarded input sections

 .text          0x0000000000000000        0x0 gcc/project.o
 .data          0x0000000000000000        0x0 gcc/project.o
 .bss           0x0000000000000000        0x0 gcc/project.o
 .text          0x0000000000000000        0x0 gcc/startup_gcc.o
 .data          0x0000000000000000        0x0 gcc/startup_gcc.o
 .bss           0x0000000000000000        0x0 gcc/startup_gcc.o
 .text          0x0000000000000000        0x0 ../../FreeRTOS/FreeRTOS/Source/gcc/libFreeRTOSCore.a(tasks.o)
 .data          0x0000000000000000        0x0 ../../FreeRTOS/FreeRTOS/Source/gcc/libFreeRTOSCore.a(tasks.o)
 .bss           0x0000000000000000        0x0 ../../FreeRTOS/FreeRTOS/Source/gcc/libFreeRTOSCore.a(tasks.o)
 .text.vTaskDelete
                0x0000000000000000       0xc4 ../../FreeRTOS/FreeRTOS/Source/gcc/libFreeRTOSCore.a(tasks.o)
 .text.vTaskResume
                0x0000000000000000       0xa0 ../../FreeRTOS/FreeRTOS/Source/gcc/libFreeRTOSCore.a(tasks.o)
 .text.xTaskResumeFromISR
                0x0000000000000000       0xb8 ../../FreeRTOS/FreeRTOS/Source/gcc/libFreeRTOSCore.a(tasks.o)
 .text.vTaskEndScheduler
                0x0000000000000000       0x20 ../../FreeRTOS/FreeRTOS/Source/gcc/libFreeRTOSCore.a(tasks.o)
 .text.xTaskGetTickCountFromISR
                0x0000000000000000        0xc ../../FreeRTOS/FreeRTOS/Source/gcc/libFreeRTOSCore.a(tasks.o)
 .text.uxTaskGetNumberOfTasks
                0x0000000000000000        0xc ../../FreeRTOS/FreeRTOS/Source/gcc/libFreeRTOSCore.a(tasks.o)
 .text.pcTaskGetName
                0x0000000000000000       0x10 ../../FreeRTOS/FreeRTOS/Source/gcc/libFreeRTOSCore.a(tasks.o)
 .text.xTaskCatchUpTicks
                0x0000000000000000       0x1c ../../FreeRTOS/FreeRTOS/Source/gcc/libFreeRTOSCore.a(tasks.o)
 .text.vTaskSuspend
                0x0000000000000000       0xbc ../../FreeRTOS/FreeRTOS/Source/gcc/libFreeRTOSCore.a(tasks.o)
 .text.vTaskPlaceOnEventList
                0x0000000000000000       0x20 ../../FreeRTOS/FreeRTOS/Source/gcc/libFreeRTOSCore.a(tasks.o)
 .text.vTaskPlaceOnUnorderedEventList
                0x0000000000000000       0x40 ../../FreeRTOS/FreeRTOS/Source/gcc/libFreeRTOSCore.a(tasks.o)
 .text.xTaskRemoveFromEventList
                0x0000000000000000       0xbc ../../FreeRTOS/FreeRTOS/Source/gcc/libFreeRTOSCore.a(tasks.o)
 .text.vTaskRemoveFromUnorderedEventList
                0x0000000000000000       0x98 ../../FreeRTOS/FreeRTOS/Source/gcc/libFreeRTOSCore.a(tasks.o)
 .text.vTaskSetTimeOutState
                0x0000000000000000       0x24 ../../FreeRTOS/FreeRTOS/Source/gcc/libFreeRTOSCore.a(tasks.o)
 .text.vTaskInternalSetTimeOutState
                0x0000000000000000       0x18 ../../FreeRTOS/FreeRTOS/Source/gcc/libFreeRTOSCore.a(tasks.o)
 .text.xTaskCheckForTimeOut
                0x0000000000000000       0x50 ../../FreeRTOS/FreeRTOS/Source/gcc/libFreeRTOSCore.a(tasks.o)
 .text.vTaskMissedYield
                0x0000000000000000        0xc ../../FreeRTOS/FreeRTOS/Source/gcc/libFreeRTOSCore.a(tasks.o)
 .text.uxTaskResetEventItemValue
                0x0000000000000000       0x18 ../../FreeRTOS/FreeRTOS/Source/gcc/libFreeRTOSCore.a(tasks.o)
 .text.ulTaskGenericNotifyTake
                0x0000000000000000       0x7c ../../FreeRTOS/FreeRTOS/Source/gcc/libFreeRTOSCore.a(tasks.o)
 .text.xTaskGenericNotifyWait
                0x0000000000000000       0xac ../../FreeRTOS/FreeRTOS/Source/gcc/libFreeRTOSCore.a(tasks.o)
 .text.xTaskGenericNotify
                0x0000000000000000       0xec ../../FreeRTOS/FreeRTOS/Source/gcc/libFreeRTOSCore.a(tasks.o)
 .text.xTaskGenericNotifyFromISR
                0x0000000000000000      0x120 ../../FreeRTOS/FreeRTOS/Source/gcc/libFreeRTOSCore.a(tasks.o)
 .text.vTaskGenericNotifyGiveFromISR
                0x0000000000000000       0xd8 ../../FreeRTOS/FreeRTOS/Source/gcc/libFreeRTOSCore.a(tasks.o)
 .text.xTaskGenericNotifyStateClear
                0x0000000000000000       0x30 ../../FreeRTOS/FreeRTOS/Source/gcc/libFreeRTOSCore.a(tasks.o)
 .text.ulTaskGenericNotifyValueClear
                0x0000000000000000       0x30 ../../FreeRTOS/FreeRTOS/Source/gcc/libFreeRTOSCore.a(tasks.o)
 .text          0x0000000000000000        0x0 ../../FreeRTOS/FreeRTOS/Source/gcc/libFreeRTOSCore.a(list.o)
 .data          0x0000000000000000        0x0 ../../FreeRTOS/FreeRTOS/Source/gcc/libFreeRTOSCore.a(list.o)
 .bss           0x0000000000000000        0x0 ../../FreeRTOS/FreeRTOS/Source/gcc/libFreeRTOSCore.a(list.o)
 .text.vListInsertEnd
                0x0000000000000000       0x18 ../../FreeRTOS/FreeRTOS/Source/gcc/libFreeRTOSCore.a(list.o)
 .text          0x0000000000000000        0x0 ../../FreeRTOS/FreeRTOS/Source/portable/MemMang/gcc/libFreeRTOSCore2.a(heap_1.o)
 .data          0x0000000000000000        0x0 ../../FreeRTOS/FreeRTOS/Source/portable/MemMang/gcc/libFreeRTOSCore2.a(heap_1.o)
 .bss           0x0000000000000000        0x0 ../../FreeRTOS/FreeRTOS/Source/portable/MemMang/gcc/libFreeRTOSCore2.a(heap_1.o)
 .text.vPortInitialiseBlocks
                0x0000000000000000        0xc ../../FreeRTOS/FreeRTOS/Source/portable/MemMang/gcc/libFreeRTOSCore2.a(heap_1.o)
 .text.xPortGetFreeHeapSize
                0x0000000000000000       0x10 ../../FreeRTOS/FreeRTOS/Source/portable/MemMang/gcc/libFreeRTOSCore2.a(heap_1.o)
 .text          0x0000000000000000        0x0 ../../FreeRTOS/FreeRTOS/Source/portable/GCC/ARM_CM4F/gcc/libFreeRTOSCore3.a(port.o)
 .data          0x0000000000000000        0x0 ../../FreeRTOS/FreeRTOS/Source/portable/GCC/ARM_CM4F/gcc/libFreeRTOSCore3.a(port.o)
 .bss           0x0000000000000000        0x0 ../../FreeRTOS/FreeRTOS/Source/portable/GCC/ARM_CM4F/gcc/libFreeRTOSCore3.a(port.o)
 .text.vPortEndScheduler
                0x0000000000000000        0x2 ../../FreeRTOS/FreeRTOS/Source/portable/GCC/ARM_CM4F/gcc/libFreeRTOSCore3.a(port.o)
 .text          0x0000000000000000        0x0 ../../TivaWare/driverlib/gcc/libdriver.a(gpio.o)
 .data          0x0000000000000000        0x0 ../../TivaWare/driverlib/gcc/libdriver.a(gpio.o)
 .bss           0x0000000000000000        0x0 ../../TivaWare/driverlib/gcc/libdriver.a(gpio.o)
 .text._GPIOIntNumberGet
                0x0000000000000000       0x44 ../../TivaWare/driverlib/gcc/libdriver.a(gpio.o)
 .text.GPIODirModeGet
                0x0000000000000000       0x26 ../../TivaWare/driverlib/gcc/libdriver.a(gpio.o)
 .text.GPIOIntTypeSet
                0x0000000000000000       0x4e ../../TivaWare/driverlib/gcc/libdriver.a(gpio.o)
 .text.GPIOIntTypeGet
                0x0000000000000000       0x42 ../../TivaWare/driverlib/gcc/libdriver.a(gpio.o)
 .text.GPIOPadConfigGet
                0x0000000000000000       0xe4 ../../TivaWare/driverlib/gcc/libdriver.a(gpio.o)
 .text.GPIOIntEnable
                0x0000000000000000        0xc ../../TivaWare/driverlib/gcc/libdriver.a(gpio.o)
 .text.GPIOIntDisable
                0x0000000000000000        0xe ../../TivaWare/driverlib/gcc/libdriver.a(gpio.o)
 .text.GPIOIntStatus
                0x0000000000000000        0xe ../../TivaWare/driverlib/gcc/libdriver.a(gpio.o)
 .text.GPIOIntClear
                0x0000000000000000        0x6 ../../TivaWare/driverlib/gcc/libdriver.a(gpio.o)
 .text.GPIOIntRegister
                0x0000000000000000       0x1c ../../TivaWare/driverlib/gcc/libdriver.a(gpio.o)
 .text.GPIOIntUnregister
                0x0000000000000000       0x16 ../../TivaWare/driverlib/gcc/libdriver.a(gpio.o)
 .text.GPIOIntRegisterPin
                0x0000000000000000       0x20 ../../TivaWare/driverlib/gcc/libdriver.a(gpio.o)
 .text.GPIOIntUnregisterPin
                0x0000000000000000       0x1c ../../TivaWare/driverlib/gcc/libdriver.a(gpio.o)
 .text.GPIOPinTypeADC
                0x0000000000000000       0x18 ../../TivaWare/driverlib/gcc/libdriver.a(gpio.o)
 .text.GPIOPinTypeCAN
                0x0000000000000000       0x18 ../../TivaWare/driverlib/gcc/libdriver.a(gpio.o)
 .text.GPIOPinTypeComparator
                0x0000000000000000        0x4 ../../TivaWare/driverlib/gcc/libdriver.a(gpio.o)
 .text.GPIOPinTypeComparatorOutput
                0x0000000000000000       0x18 ../../TivaWare/driverlib/gcc/libdriver.a(gpio.o)
 .text.GPIOPinTypeDIVSCLK
                0x0000000000000000        0x4 ../../TivaWare/driverlib/gcc/libdriver.a(gpio.o)
 .text.GPIOPinTypeEPI
                0x0000000000000000        0x4 ../../TivaWare/driverlib/gcc/libdriver.a(gpio.o)
 .text.GPIOPinTypeEthernetLED
                0x0000000000000000        0x4 ../../TivaWare/driverlib/gcc/libdriver.a(gpio.o)
 .text.GPIOPinTypeEthernetMII
                0x0000000000000000        0x4 ../../TivaWare/driverlib/gcc/libdriver.a(gpio.o)
 .text.GPIOPinTypeGPIOOutputOD
                0x0000000000000000       0x18 ../../TivaWare/driverlib/gcc/libdriver.a(gpio.o)
 .text.GPIOPinTypeHibernateRTCCLK
                0x0000000000000000        0x4 ../../TivaWare/driverlib/gcc/libdriver.a(gpio.o)
 .text.GPIOPinTypeI2C
                0x0000000000000000       0x18 ../../TivaWare/driverlib/gcc/libdriver.a(gpio.o)
 .text.GPIOPinTypeI2CSCL
                0x0000000000000000        0x4 ../../TivaWare/driverlib/gcc/libdriver.a(gpio.o)
 .text.GPIOPinTypeLCD
                0x0000000000000000        0x4 ../../TivaWare/driverlib/gcc/libdriver.a(gpio.o)
 .text.GPIOPinTypeOneWire
                0x0000000000000000        0x4 ../../TivaWare/driverlib/gcc/libdriver.a(gpio.o)
 .text.GPIOPinTypePWM
                0x0000000000000000        0x4 ../../TivaWare/driverlib/gcc/libdriver.a(gpio.o)
 .text.GPIOPinTypeQEI
                0x0000000000000000       0x18 ../../TivaWare/driverlib/gcc/libdriver.a(gpio.o)
 .text.GPIOPinTypeSSI
                0x0000000000000000        0x4 ../../TivaWare/driverlib/gcc/libdriver.a(gpio.o)
 .text.GPIOPinTypeTimer
                0x0000000000000000        0x4 ../../TivaWare/driverlib/gcc/libdriver.a(gpio.o)
 .text.GPIOPinTypeTrace
                0x0000000000000000        0x4 ../../TivaWare/driverlib/gcc/libdriver.a(gpio.o)
 .text.GPIOPinTypeUART
                0x0000000000000000        0x4 ../../TivaWare/driverlib/gcc/libdriver.a(gpio.o)
 .text.GPIOPinTypeUSBAnalog
                0x0000000000000000        0x4 ../../TivaWare/driverlib/gcc/libdriver.a(gpio.o)
 .text.GPIOPinTypeUSBDigital
                0x0000000000000000        0x4 ../../TivaWare/driverlib/gcc/libdriver.a(gpio.o)
 .text.GPIOPinTypeWakeHigh
                0x0000000000000000       0x1a ../../TivaWare/driverlib/gcc/libdriver.a(gpio.o)
 .text.GPIOPinTypeWakeLow
                0x0000000000000000       0x1a ../../TivaWare/driverlib/gcc/libdriver.a(gpio.o)
 .text.GPIOPinWakeStatus
                0x0000000000000000        0x6 ../../TivaWare/driverlib/gcc/libdriver.a(gpio.o)
 .text.GPIOPinConfigure
                0x0000000000000000       0x44 ../../TivaWare/driverlib/gcc/libdriver.a(gpio.o)
 .text.GPIODMATriggerEnable
                0x0000000000000000        0xc ../../TivaWare/driverlib/gcc/libdriver.a(gpio.o)
 .text.GPIODMATriggerDisable
                0x0000000000000000        0xe ../../TivaWare/driverlib/gcc/libdriver.a(gpio.o)
 .text.GPIOADCTriggerEnable
                0x0000000000000000        0xc ../../TivaWare/driverlib/gcc/libdriver.a(gpio.o)
 .text.GPIOADCTriggerDisable
                0x0000000000000000        0xe ../../TivaWare/driverlib/gcc/libdriver.a(gpio.o)
 .text.GPIOUnlockPin
                0x0000000000000000       0x18 ../../TivaWare/driverlib/gcc/libdriver.a(gpio.o)
 .rodata.g_ppui32GPIOIntMapBlizzard
                0x0000000000000000       0xc0 ../../TivaWare/driverlib/gcc/libdriver.a(gpio.o)
 .rodata.g_ppui32GPIOIntMapSnowflake
                0x0000000000000000       0xd8 ../../TivaWare/driverlib/gcc/libdriver.a(gpio.o)
 .rodata.g_pui32GPIOBaseAddrs
                0x0000000000000000       0x90 ../../TivaWare/driverlib/gcc/libdriver.a(gpio.o)
 .text          0x0000000000000000        0x0 ../../TivaWare/driverlib/gcc/libdriver.a(interrupt.o)
 .data          0x0000000000000000        0x0 ../../TivaWare/driverlib/gcc/libdriver.a(interrupt.o)
 .bss           0x0000000000000000        0x0 ../../TivaWare/driverlib/gcc/libdriver.a(interrupt.o)
 .text._IntDefaultHandler
                0x0000000000000000        0x2 ../../TivaWare/driverlib/gcc/libdriver.a(interrupt.o)
 .text.IntMasterEnable
                0x0000000000000000        0xe ../../TivaWare/driverlib/gcc/libdriver.a(interrupt.o)
 .text.IntMasterDisable
                0x0000000000000000        0xe ../../TivaWare/driverlib/gcc/libdriver.a(interrupt.o)
 .text.IntRegister
                0x0000000000000000       0x38 ../../TivaWare/driverlib/gcc/libdriver.a(interrupt.o)
 .text.IntUnregister
                0x0000000000000000       0x14 ../../TivaWare/driverlib/gcc/libdriver.a(interrupt.o)
 .text.IntPriorityGroupingSet
                0x0000000000000000       0x1c ../../TivaWare/driverlib/gcc/libdriver.a(interrupt.o)
 .text.IntPriorityGroupingGet
                0x0000000000000000       0x24 ../../TivaWare/driverlib/gcc/libdriver.a(interrupt.o)
 .text.IntPrioritySet
                0x0000000000000000       0x28 ../../TivaWare/driverlib/gcc/libdriver.a(interrupt.o)
 .text.IntPriorityGet
                0x0000000000000000       0x1c ../../TivaWare/driverlib/gcc/libdriver.a(interrupt.o)
 .text.IntEnable
                0x0000000000000000       0x6c ../../TivaWare/driverlib/gcc/libdriver.a(interrupt.o)
 .text.IntDisable
                0x0000000000000000       0x6c ../../TivaWare/driverlib/gcc/libdriver.a(interrupt.o)
 .text.IntIsEnabled
                0x0000000000000000       0x68 ../../TivaWare/driverlib/gcc/libdriver.a(interrupt.o)
 .text.IntPendSet
                0x0000000000000000       0x58 ../../TivaWare/driverlib/gcc/libdriver.a(interrupt.o)
 .text.IntPendClear
                0x0000000000000000       0x48 ../../TivaWare/driverlib/gcc/libdriver.a(interrupt.o)
 .text.IntPriorityMaskSet
                0x0000000000000000        0x4 ../../TivaWare/driverlib/gcc/libdriver.a(interrupt.o)
 .text.IntPriorityMaskGet
                0x0000000000000000        0x4 ../../TivaWare/driverlib/gcc/libdriver.a(interrupt.o)
 .text.IntTrigger
                0x0000000000000000        0xc ../../TivaWare/driverlib/gcc/libdriver.a(interrupt.o)
 .rodata.g_pui32Dii16Regs
                0x0000000000000000       0x14 ../../TivaWare/driverlib/gcc/libdriver.a(interrupt.o)
 .rodata.g_pui32EnRegs
                0x0000000000000000       0x14 ../../TivaWare/driverlib/gcc/libdriver.a(interrupt.o)
 .rodata.g_pui32PendRegs
                0x0000000000000000       0x14 ../../TivaWare/driverlib/gcc/libdriver.a(interrupt.o)
 .rodata.g_pui32Priority
                0x0000000000000000       0x20 ../../TivaWare/driverlib/gcc/libdriver.a(interrupt.o)
 .rodata.g_pui32Regs
                0x0000000000000000       0x9c ../../TivaWare/driverlib/gcc/libdriver.a(interrupt.o)
 .rodata.g_pui32UnpendRegs
                0x0000000000000000       0x14 ../../TivaWare/driverlib/gcc/libdriver.a(interrupt.o)
 vtable         0x0000000000000000      0x26c ../../TivaWare/driverlib/gcc/libdriver.a(interrupt.o)
 .comment       0x0000000000000000       0x4a ../../TivaWare/driverlib/gcc/libdriver.a(interrupt.o)
 .ARM.attributes
                0x0000000000000000       0x34 ../../TivaWare/driverlib/gcc/libdriver.a(interrupt.o)
 .text          0x0000000000000000        0x0 ../../TivaWare/driverlib/gcc/libdriver.a(sysctl.o)
 .data          0x0000000000000000        0x0 ../../TivaWare/driverlib/gcc/libdriver.a(sysctl.o)
 .bss           0x0000000000000000        0x0 ../../TivaWare/driverlib/gcc/libdriver.a(sysctl.o)
 .text.SysCtlSRAMSizeGet
                0x0000000000000000       0x10 ../../TivaWare/driverlib/gcc/libdriver.a(sysctl.o)
 .text.SysCtlFlashSizeGet
                0x0000000000000000       0x40 ../../TivaWare/driverlib/gcc/libdriver.a(sysctl.o)
 .text.SysCtlFlashSectorSizeGet
                0x0000000000000000       0x38 ../../TivaWare/driverlib/gcc/libdriver.a(sysctl.o)
 .text.SysCtlPeripheralPresent
                0x0000000000000000       0x24 ../../TivaWare/driverlib/gcc/libdriver.a(sysctl.o)
 .text.SysCtlPeripheralPowerOn
                0x0000000000000000       0x20 ../../TivaWare/driverlib/gcc/libdriver.a(sysctl.o)
 .text.SysCtlPeripheralPowerOff
                0x0000000000000000       0x20 ../../TivaWare/driverlib/gcc/libdriver.a(sysctl.o)
 .text.SysCtlPeripheralReset
                0x0000000000000000       0x38 ../../TivaWare/driverlib/gcc/libdriver.a(sysctl.o)
 .text.SysCtlPeripheralDisable
                0x0000000000000000       0x20 ../../TivaWare/driverlib/gcc/libdriver.a(sysctl.o)
 .text.SysCtlPeripheralSleepEnable
                0x0000000000000000       0x20 ../../TivaWare/driverlib/gcc/libdriver.a(sysctl.o)
 .text.SysCtlPeripheralSleepDisable
                0x0000000000000000       0x20 ../../TivaWare/driverlib/gcc/libdriver.a(sysctl.o)
 .text.SysCtlPeripheralDeepSleepEnable
                0x0000000000000000       0x20 ../../TivaWare/driverlib/gcc/libdriver.a(sysctl.o)
 .text.SysCtlPeripheralDeepSleepDisable
                0x0000000000000000       0x20 ../../TivaWare/driverlib/gcc/libdriver.a(sysctl.o)
 .text.SysCtlPeripheralClockGating
                0x0000000000000000       0x44 ../../TivaWare/driverlib/gcc/libdriver.a(sysctl.o)
 .text.SysCtlIntRegister
                0x0000000000000000       0x14 ../../TivaWare/driverlib/gcc/libdriver.a(sysctl.o)
 .text.SysCtlIntUnregister
                0x0000000000000000       0x12 ../../TivaWare/driverlib/gcc/libdriver.a(sysctl.o)
 .text.SysCtlIntEnable
                0x0000000000000000       0x10 ../../TivaWare/driverlib/gcc/libdriver.a(sysctl.o)
 .text.SysCtlIntDisable
                0x0000000000000000       0x10 ../../TivaWare/driverlib/gcc/libdriver.a(sysctl.o)
 .text.SysCtlIntClear
                0x0000000000000000        0xc ../../TivaWare/driverlib/gcc/libdriver.a(sysctl.o)
 .text.SysCtlIntStatus
                0x0000000000000000       0x10 ../../TivaWare/driverlib/gcc/libdriver.a(sysctl.o)
 .text.SysCtlLDOSleepSet
                0x0000000000000000        0xc ../../TivaWare/driverlib/gcc/libdriver.a(sysctl.o)
 .text.SysCtlLDOSleepGet
                0x0000000000000000        0xc ../../TivaWare/driverlib/gcc/libdriver.a(sysctl.o)
 .text.SysCtlLDODeepSleepSet
                0x0000000000000000        0xc ../../TivaWare/driverlib/gcc/libdriver.a(sysctl.o)
 .text.SysCtlLDODeepSleepGet
                0x0000000000000000        0xc ../../TivaWare/driverlib/gcc/libdriver.a(sysctl.o)
 .text.SysCtlSleepPowerSet
                0x0000000000000000        0xc ../../TivaWare/driverlib/gcc/libdriver.a(sysctl.o)
 .text.SysCtlDeepSleepPowerSet
                0x0000000000000000        0xc ../../TivaWare/driverlib/gcc/libdriver.a(sysctl.o)
 .text.SysCtlReset
                0x0000000000000000       0x10 ../../TivaWare/driverlib/gcc/libdriver.a(sysctl.o)
 .text.SysCtlSleep
                0x0000000000000000        0x4 ../../TivaWare/driverlib/gcc/libdriver.a(sysctl.o)
 .text.SysCtlDeepSleep
                0x0000000000000000       0x24 ../../TivaWare/driverlib/gcc/libdriver.a(sysctl.o)
 .text.SysCtlResetCauseGet
                0x0000000000000000        0xc ../../TivaWare/driverlib/gcc/libdriver.a(sysctl.o)
 .text.SysCtlResetCauseClear
                0x0000000000000000       0x10 ../../TivaWare/driverlib/gcc/libdriver.a(sysctl.o)
 .text.SysCtlDelay
                0x0000000000000000        0x8 ../../TivaWare/driverlib/gcc/libdriver.a(sysctl.o)
 .text.SysCtlMOSCConfigSet
                0x0000000000000000        0xc ../../TivaWare/driverlib/gcc/libdriver.a(sysctl.o)
 .text.SysCtlPIOSCCalibrate
                0x0000000000000000       0x50 ../../TivaWare/driverlib/gcc/libdriver.a(sysctl.o)
 .text.SysCtlResetBehaviorSet
                0x0000000000000000        0xc ../../TivaWare/driverlib/gcc/libdriver.a(sysctl.o)
 .text.SysCtlResetBehaviorGet
                0x0000000000000000        0xc ../../TivaWare/driverlib/gcc/libdriver.a(sysctl.o)
 .text.SysCtlClockSet
                0x0000000000000000       0xfc ../../TivaWare/driverlib/gcc/libdriver.a(sysctl.o)
 .text.SysCtlClockGet
                0x0000000000000000      0x148 ../../TivaWare/driverlib/gcc/libdriver.a(sysctl.o)
 .text.SysCtlDeepSleepClockSet
                0x0000000000000000        0xc ../../TivaWare/driverlib/gcc/libdriver.a(sysctl.o)
 .text.SysCtlDeepSleepClockConfigSet
                0x0000000000000000       0x64 ../../TivaWare/driverlib/gcc/libdriver.a(sysctl.o)
 .text.SysCtlPWMClockSet
                0x0000000000000000       0x14 ../../TivaWare/driverlib/gcc/libdriver.a(sysctl.o)
 .text.SysCtlPWMClockGet
                0x0000000000000000       0x18 ../../TivaWare/driverlib/gcc/libdriver.a(sysctl.o)
 .text.SysCtlGPIOAHBEnable
                0x0000000000000000       0x18 ../../TivaWare/driverlib/gcc/libdriver.a(sysctl.o)
 .text.SysCtlGPIOAHBDisable
                0x0000000000000000       0x1c ../../TivaWare/driverlib/gcc/libdriver.a(sysctl.o)
 .text.SysCtlUSBPLLEnable
                0x0000000000000000       0x10 ../../TivaWare/driverlib/gcc/libdriver.a(sysctl.o)
 .text.SysCtlUSBPLLDisable
                0x0000000000000000       0x10 ../../TivaWare/driverlib/gcc/libdriver.a(sysctl.o)
 .text.SysCtlVoltageEventConfig
                0x0000000000000000        0xc ../../TivaWare/driverlib/gcc/libdriver.a(sysctl.o)
 .text.SysCtlVoltageEventStatus
                0x0000000000000000        0xc ../../TivaWare/driverlib/gcc/libdriver.a(sysctl.o)
 .text.SysCtlVoltageEventClear
                0x0000000000000000       0x10 ../../TivaWare/driverlib/gcc/libdriver.a(sysctl.o)
 .text.SysCtlVCOGet
                0x0000000000000000       0x68 ../../TivaWare/driverlib/gcc/libdriver.a(sysctl.o)
 .text.SysCtlNMIStatus
                0x0000000000000000        0xc ../../TivaWare/driverlib/gcc/libdriver.a(sysctl.o)
 .text.SysCtlNMIClear
                0x0000000000000000       0x10 ../../TivaWare/driverlib/gcc/libdriver.a(sysctl.o)
 .text.SysCtlClockOutConfig
                0x0000000000000000       0x14 ../../TivaWare/driverlib/gcc/libdriver.a(sysctl.o)
 .text.SysCtlAltClkConfig
                0x0000000000000000        0xc ../../TivaWare/driverlib/gcc/libdriver.a(sysctl.o)
 .text          0x0000000000000000        0x0 ../../TivaWare/driverlib/gcc/libdriver.a(cpu.o)
 .data          0x0000000000000000        0x0 ../../TivaWare/driverlib/gcc/libdriver.a(cpu.o)
 .bss           0x0000000000000000        0x0 ../../TivaWare/driverlib/gcc/libdriver.a(cpu.o)
 .text.CPUcpsid
                0x0000000000000000        0x8 ../../TivaWare/driverlib/gcc/libdriver.a(cpu.o)
 .text.CPUprimask
                0x0000000000000000        0x6 ../../TivaWare/driverlib/gcc/libdriver.a(cpu.o)
 .text.CPUcpsie
                0x0000000000000000        0x8 ../../TivaWare/driverlib/gcc/libdriver.a(cpu.o)
 .text.CPUwfi   0x0000000000000000        0x4 ../../TivaWare/driverlib/gcc/libdriver.a(cpu.o)
 .text.CPUbasepriSet
                0x0000000000000000        0x6 ../../TivaWare/driverlib/gcc/libdriver.a(cpu.o)
 .text.CPUbasepriGet
                0x0000000000000000        0x6 ../../TivaWare/driverlib/gcc/libdriver.a(cpu.o)
 .comment       0x0000000000000000       0x4a ../../TivaWare/driverlib/gcc/libdriver.a(cpu.o)
 .ARM.attributes
                0x0000000000000000       0x34 ../../TivaWare/driverlib/gcc/libdriver.a(cpu.o)
 .data          0x0000000000000000        0x0 /home/calper/gcc-arm-none-eabi-10.3-2021.10-x86_64-linux/gcc-arm-none-eabi-10.3-2021.10/bin/../lib/gcc/arm-none-eabi/10.3.1/../../../../arm-none-eabi/lib/thumb/v7e-m+fp/hard/libc.a(lib_a-memcpy.o)
 .bss           0x0000000000000000        0x0 /home/calper/gcc-arm-none-eabi-10.3-2021.10-x86_64-linux/gcc-arm-none-eabi-10.3-2021.10/bin/../lib/gcc/arm-none-eabi/10.3.1/../../../../arm-none-eabi/lib/thumb/v7e-m+fp/hard/libc.a(lib_a-memcpy.o)

Memory Configuration

Name             Origin             Length             Attributes
FLASH            0x0000000000000000 0x0000000000040000 xr
SRAM             0x0000000020000000 0x0000000000008000 xrw
*default*        0x0000000000000000 0xffffffffffffffff

Linker script and memory map


.text           0x0000000000000000     0x16ac
                0x0000000000000000                _text = .
 *(.isr_vector)
 .isr_vector    0x0000000000000000      0x26c gcc/startup_gcc.o
                0x0000000000000000                g_pfnVectors
 *(.text*)
 .text.Task1    0x000000000000026c       0x14 gcc/project.o
                0x000000000000026c                Task1
 .text.Task2    0x0000000000000280       0x14 gcc/project.o
                0x0000000000000280                Task2
 .text.Task3    0x0000000000000294       0x74 gcc/project.o
                0x0000000000000294                Task3
 .text.setupClock
                0x0000000000000308       0x10 gcc/project.o
                0x0000000000000308                setupClock
 .text.setupLed
                0x0000000000000318       0x28 gcc/project.o
                0x0000000000000318                setupLed
 .text.setupSW  0x0000000000000340       0x34 gcc/project.o
                0x0000000000000340                setupSW
 .text.startup.main
                0x0000000000000374       0x74 gcc/project.o
                0x0000000000000374                main
 .text.NmiSR    0x00000000000003e8        0x2 gcc/startup_gcc.o
 .text.FaultISR
                0x00000000000003ea        0x2 gcc/startup_gcc.o
 .text.IntDefaultHandler
                0x00000000000003ec        0x2 gcc/startup_gcc.o
 *fill*         0x00000000000003ee        0x2 
 .text.ResetISR
                0x00000000000003f0       0x5c gcc/startup_gcc.o
                0x00000000000003f0                ResetISR
 .text.prvAddCurrentTaskToDelayedList
                0x000000000000044c       0xa4 ../../FreeRTOS/FreeRTOS/Source/gcc/libFreeRTOSCore.a(tasks.o)
 .text.prvResetNextTaskUnblockTime
                0x00000000000004f0       0x24 ../../FreeRTOS/FreeRTOS/Source/gcc/libFreeRTOSCore.a(tasks.o)
 .text.prvIdleTask
                0x0000000000000514       0x48 ../../FreeRTOS/FreeRTOS/Source/gcc/libFreeRTOSCore.a(tasks.o)
 .text.xTaskCreate
                0x000000000000055c      0x1b8 ../../FreeRTOS/FreeRTOS/Source/gcc/libFreeRTOSCore.a(tasks.o)
                0x000000000000055c                xTaskCreate
 .text.vTaskPrioritySet
                0x0000000000000714       0xcc ../../FreeRTOS/FreeRTOS/Source/gcc/libFreeRTOSCore.a(tasks.o)
                0x0000000000000714                vTaskPrioritySet
 .text.vTaskStartScheduler
                0x00000000000007e0       0x64 ../../FreeRTOS/FreeRTOS/Source/gcc/libFreeRTOSCore.a(tasks.o)
                0x00000000000007e0                vTaskStartScheduler
 .text.vTaskSuspendAll
                0x0000000000000844       0x10 ../../FreeRTOS/FreeRTOS/Source/gcc/libFreeRTOSCore.a(tasks.o)
                0x0000000000000844                vTaskSuspendAll
 .text.xTaskGetTickCount
                0x0000000000000854        0xc ../../FreeRTOS/FreeRTOS/Source/gcc/libFreeRTOSCore.a(tasks.o)
                0x0000000000000854                xTaskGetTickCount
 .text.xTaskIncrementTick
                0x0000000000000860      0x160 ../../FreeRTOS/FreeRTOS/Source/gcc/libFreeRTOSCore.a(tasks.o)
                0x0000000000000860                xTaskIncrementTick
 .text.xTaskResumeAll
                0x00000000000009c0      0x128 ../../FreeRTOS/FreeRTOS/Source/gcc/libFreeRTOSCore.a(tasks.o)
                0x00000000000009c0                xTaskResumeAll
 .text.xTaskDelayUntil
                0x0000000000000ae8       0x58 ../../FreeRTOS/FreeRTOS/Source/gcc/libFreeRTOSCore.a(tasks.o)
                0x0000000000000ae8                xTaskDelayUntil
 .text.vTaskDelay
                0x0000000000000b40       0x2e ../../FreeRTOS/FreeRTOS/Source/gcc/libFreeRTOSCore.a(tasks.o)
                0x0000000000000b40                vTaskDelay
 *fill*         0x0000000000000b6e        0x2 
 .text.vTaskSwitchContext
                0x0000000000000b70       0x5c ../../FreeRTOS/FreeRTOS/Source/gcc/libFreeRTOSCore.a(tasks.o)
                0x0000000000000b70                vTaskSwitchContext
 .text.vListInitialise
                0x0000000000000bcc       0x16 ../../FreeRTOS/FreeRTOS/Source/gcc/libFreeRTOSCore.a(list.o)
                0x0000000000000bcc                vListInitialise
 .text.vListInitialiseItem
                0x0000000000000be2        0x6 ../../FreeRTOS/FreeRTOS/Source/gcc/libFreeRTOSCore.a(list.o)
                0x0000000000000be2                vListInitialiseItem
 .text.vListInsert
                0x0000000000000be8       0x2e ../../FreeRTOS/FreeRTOS/Source/gcc/libFreeRTOSCore.a(list.o)
                0x0000000000000be8                vListInsert
 .text.uxListRemove
                0x0000000000000c16       0x20 ../../FreeRTOS/FreeRTOS/Source/gcc/libFreeRTOSCore.a(list.o)
                0x0000000000000c16                uxListRemove
 *fill*         0x0000000000000c36        0x2 
 .text.pvPortMalloc
                0x0000000000000c38       0x5c ../../FreeRTOS/FreeRTOS/Source/portable/MemMang/gcc/libFreeRTOSCore2.a(heap_1.o)
                0x0000000000000c38                pvPortMalloc
 .text.vPortFree
                0x0000000000000c94        0x2 ../../FreeRTOS/FreeRTOS/Source/portable/MemMang/gcc/libFreeRTOSCore2.a(heap_1.o)
                0x0000000000000c94                vPortFree
 .text.prvTaskExitError
                0x0000000000000c96       0x20 ../../FreeRTOS/FreeRTOS/Source/portable/GCC/ARM_CM4F/gcc/libFreeRTOSCore3.a(port.o)
 *fill*         0x0000000000000cb6        0x2 
 .text.prvPortStartFirstTask
                0x0000000000000cb8       0x28 ../../FreeRTOS/FreeRTOS/Source/portable/GCC/ARM_CM4F/gcc/libFreeRTOSCore3.a(port.o)
 .text.vPortEnableVFP
                0x0000000000000ce0       0x14 ../../FreeRTOS/FreeRTOS/Source/portable/GCC/ARM_CM4F/gcc/libFreeRTOSCore3.a(port.o)
 .text.pxPortInitialiseStack
                0x0000000000000cf4       0x2c ../../FreeRTOS/FreeRTOS/Source/portable/GCC/ARM_CM4F/gcc/libFreeRTOSCore3.a(port.o)
                0x0000000000000cf4                pxPortInitialiseStack
 .text.vPortSVCHandler
                0x0000000000000d20       0x24 ../../FreeRTOS/FreeRTOS/Source/portable/GCC/ARM_CM4F/gcc/libFreeRTOSCore3.a(port.o)
                0x0000000000000d20                vPortSVCHandler
 .text.vPortEnterCritical
                0x0000000000000d44       0x20 ../../FreeRTOS/FreeRTOS/Source/portable/GCC/ARM_CM4F/gcc/libFreeRTOSCore3.a(port.o)
                0x0000000000000d44                vPortEnterCritical
 .text.vPortExitCritical
                0x0000000000000d64       0x14 ../../FreeRTOS/FreeRTOS/Source/portable/GCC/ARM_CM4F/gcc/libFreeRTOSCore3.a(port.o)
                0x0000000000000d64                vPortExitCritical
 *fill*         0x0000000000000d78        0x8 
 .text.xPortPendSVHandler
                0x0000000000000d80       0x64 ../../FreeRTOS/FreeRTOS/Source/portable/GCC/ARM_CM4F/gcc/libFreeRTOSCore3.a(port.o)
                0x0000000000000d80                xPortPendSVHandler
 .text.xPortSysTickHandler
                0x0000000000000de4       0x2c ../../FreeRTOS/FreeRTOS/Source/portable/GCC/ARM_CM4F/gcc/libFreeRTOSCore3.a(port.o)
                0x0000000000000de4                xPortSysTickHandler
 .text.vPortSetupTimerInterrupt
                0x0000000000000e10       0x18 ../../FreeRTOS/FreeRTOS/Source/portable/GCC/ARM_CM4F/gcc/libFreeRTOSCore3.a(port.o)
                0x0000000000000e10                vPortSetupTimerInterrupt
 .text.xPortStartScheduler
                0x0000000000000e28       0x4c ../../FreeRTOS/FreeRTOS/Source/portable/GCC/ARM_CM4F/gcc/libFreeRTOSCore3.a(port.o)
                0x0000000000000e28                xPortStartScheduler
 .text.GPIODirModeSet
                0x0000000000000e74       0x26 ../../TivaWare/driverlib/gcc/libdriver.a(gpio.o)
                0x0000000000000e74                GPIODirModeSet
 *fill*         0x0000000000000e9a        0x2 
 .text.GPIOPadConfigSet
                0x0000000000000e9c      0x148 ../../TivaWare/driverlib/gcc/libdriver.a(gpio.o)
                0x0000000000000e9c                GPIOPadConfigSet
 .text.GPIOPinRead
                0x0000000000000fe4        0x6 ../../TivaWare/driverlib/gcc/libdriver.a(gpio.o)
                0x0000000000000fe4                GPIOPinRead
 .text.GPIOPinWrite
                0x0000000000000fea        0x6 ../../TivaWare/driverlib/gcc/libdriver.a(gpio.o)
                0x0000000000000fea                GPIOPinWrite
 .text.GPIOPinTypeGPIOInput
                0x0000000000000ff0       0x18 ../../TivaWare/driverlib/gcc/libdriver.a(gpio.o)
                0x0000000000000ff0                GPIOPinTypeGPIOInput
 .text.GPIOPinTypeGPIOOutput
                0x0000000000001008       0x18 ../../TivaWare/driverlib/gcc/libdriver.a(gpio.o)
                0x0000000000001008                GPIOPinTypeGPIOOutput
 .text._SysCtlMemTimingGet
                0x0000000000001020       0x64 ../../TivaWare/driverlib/gcc/libdriver.a(sysctl.o)
 .text.SysCtlPeripheralReady
                0x0000000000001084       0x24 ../../TivaWare/driverlib/gcc/libdriver.a(sysctl.o)
                0x0000000000001084                SysCtlPeripheralReady
 .text.SysCtlPeripheralEnable
                0x00000000000010a8       0x20 ../../TivaWare/driverlib/gcc/libdriver.a(sysctl.o)
                0x00000000000010a8                SysCtlPeripheralEnable
 .text.SysCtlClockFreqSet
                0x00000000000010c8      0x240 ../../TivaWare/driverlib/gcc/libdriver.a(sysctl.o)
                0x00000000000010c8                SysCtlClockFreqSet
 .text          0x0000000000001308      0x134 /home/calper/gcc-arm-none-eabi-10.3-2021.10-x86_64-linux/gcc-arm-none-eabi-10.3-2021.10/bin/../lib/gcc/arm-none-eabi/10.3.1/../../../../arm-none-eabi/lib/thumb/v7e-m+fp/hard/libc.a(lib_a-memcpy.o)
                0x0000000000001308                memcpy
 *(.rodata*)
 .rodata.main.str1.1
                0x000000000000143c       0x17 gcc/project.o
 .rodata.vTaskStartScheduler.str1.1
                0x0000000000001453        0x5 ../../FreeRTOS/FreeRTOS/Source/gcc/libFreeRTOSCore.a(tasks.o)
 .rodata.g_pppui32XTALtoVCO
                0x0000000000001458      0x1b0 ../../TivaWare/driverlib/gcc/libdriver.a(sysctl.o)
 .rodata.g_pui32VCOFrequencies
                0x0000000000001608        0x8 ../../TivaWare/driverlib/gcc/libdriver.a(sysctl.o)
 .rodata.g_pui32Xtals
                0x0000000000001610       0x6c ../../TivaWare/driverlib/gcc/libdriver.a(sysctl.o)
 .rodata.g_sXTALtoMEMTIM
                0x000000000000167c       0x30 ../../TivaWare/driverlib/gcc/libdriver.a(sysctl.o)
                0x00000000000016ac                _etext = .

.glue_7         0x00000000000016ac        0x0
 .glue_7        0x00000000000016ac        0x0 linker stubs

.glue_7t        0x00000000000016ac        0x0
 .glue_7t       0x00000000000016ac        0x0 linker stubs

.vfp11_veneer   0x00000000000016ac        0x0
 .vfp11_veneer  0x00000000000016ac        0x0 linker stubs

.v4_bx          0x00000000000016ac        0x0
 .v4_bx         0x00000000000016ac        0x0 linker stubs

.iplt           0x00000000000016ac        0x0
 .iplt          0x00000000000016ac        0x0 gcc/project.o

.rel.dyn        0x00000000000016ac        0x0
 .rel.iplt      0x00000000000016ac        0x0 gcc/project.o

.data           0x0000000020000000        0x8 load address 0x00000000000016ac
                0x0000000020000000                _data = .
                0x00000000000016ac                _ldata = LOADADDR (.data)
 *(vtable)
 *(.data*)
 .data.uxTopUsedPriority
                0x0000000020000000        0x4 ../../FreeRTOS/FreeRTOS/Source/gcc/libFreeRTOSCore.a(tasks.o)
                0x0000000020000000                uxTopUsedPriority
 .data.uxCriticalNesting
                0x0000000020000004        0x4 ../../FreeRTOS/FreeRTOS/Source/portable/GCC/ARM_CM4F/gcc/libFreeRTOSCore3.a(port.o)
                0x0000000020000008                _edata = .

.igot.plt       0x0000000020000008        0x0 load address 0x00000000000016b4
 .igot.plt      0x0000000020000008        0x0 gcc/project.o

.bss            0x0000000020000008     0x25a4 load address 0x00000000000016b4
                0x0000000020000008                _bss = .
 *(.bss*)
 .bss.task1     0x0000000020000008        0x4 gcc/project.o
 .bss.task2     0x000000002000000c        0x4 gcc/project.o
 .bss.task3     0x0000000020000010        0x4 gcc/project.o
 .bss.pui32Stack
                0x0000000020000014      0x100 gcc/startup_gcc.o
 .bss.pxCurrentTCB
                0x0000000020000114        0x4 ../../FreeRTOS/FreeRTOS/Source/gcc/libFreeRTOSCore.a(tasks.o)
                0x0000000020000114                pxCurrentTCB
 .bss.pxDelayedTaskList
                0x0000000020000118        0x4 ../../FreeRTOS/FreeRTOS/Source/gcc/libFreeRTOSCore.a(tasks.o)
 .bss.pxOverflowDelayedTaskList
                0x000000002000011c        0x4 ../../FreeRTOS/FreeRTOS/Source/gcc/libFreeRTOSCore.a(tasks.o)
 .bss.pxReadyTasksLists
                0x0000000020000120       0xc8 ../../FreeRTOS/FreeRTOS/Source/gcc/libFreeRTOSCore.a(tasks.o)
 .bss.uxCurrentNumberOfTasks
                0x00000000200001e8        0x4 ../../FreeRTOS/FreeRTOS/Source/gcc/libFreeRTOSCore.a(tasks.o)
 .bss.uxDeletedTasksWaitingCleanUp
                0x00000000200001ec        0x4 ../../FreeRTOS/FreeRTOS/Source/gcc/libFreeRTOSCore.a(tasks.o)
 .bss.uxSchedulerSuspended
                0x00000000200001f0        0x4 ../../FreeRTOS/FreeRTOS/Source/gcc/libFreeRTOSCore.a(tasks.o)
 .bss.uxTaskNumber
                0x00000000200001f4        0x4 ../../FreeRTOS/FreeRTOS/Source/gcc/libFreeRTOSCore.a(tasks.o)
 .bss.uxTopReadyPriority
                0x00000000200001f8        0x4 ../../FreeRTOS/FreeRTOS/Source/gcc/libFreeRTOSCore.a(tasks.o)
 .bss.xDelayedTaskList1
                0x00000000200001fc       0x14 ../../FreeRTOS/FreeRTOS/Source/gcc/libFreeRTOSCore.a(tasks.o)
 .bss.xDelayedTaskList2
                0x0000000020000210       0x14 ../../FreeRTOS/FreeRTOS/Source/gcc/libFreeRTOSCore.a(tasks.o)
 .bss.xIdleTaskHandle
                0x0000000020000224        0x4 ../../FreeRTOS/FreeRTOS/Source/gcc/libFreeRTOSCore.a(tasks.o)
 .bss.xNextTaskUnblockTime
                0x0000000020000228        0x4 ../../FreeRTOS/FreeRTOS/Source/gcc/libFreeRTOSCore.a(tasks.o)
 .bss.xNumOfOverflows
                0x000000002000022c        0x4 ../../FreeRTOS/FreeRTOS/Source/gcc/libFreeRTOSCore.a(tasks.o)
 .bss.xPendedTicks
                0x0000000020000230        0x4 ../../FreeRTOS/FreeRTOS/Source/gcc/libFreeRTOSCore.a(tasks.o)
 .bss.xPendingReadyList
                0x0000000020000234       0x14 ../../FreeRTOS/FreeRTOS/Source/gcc/libFreeRTOSCore.a(tasks.o)
 .bss.xSchedulerRunning
                0x0000000020000248        0x4 ../../FreeRTOS/FreeRTOS/Source/gcc/libFreeRTOSCore.a(tasks.o)
 .bss.xSuspendedTaskList
                0x000000002000024c       0x14 ../../FreeRTOS/FreeRTOS/Source/gcc/libFreeRTOSCore.a(tasks.o)
 .bss.xTasksWaitingTermination
                0x0000000020000260       0x14 ../../FreeRTOS/FreeRTOS/Source/gcc/libFreeRTOSCore.a(tasks.o)
 .bss.xTickCount
                0x0000000020000274        0x4 ../../FreeRTOS/FreeRTOS/Source/gcc/libFreeRTOSCore.a(tasks.o)
 .bss.xYieldPending
                0x0000000020000278        0x4 ../../FreeRTOS/FreeRTOS/Source/gcc/libFreeRTOSCore.a(tasks.o)
 .bss.pucAlignedHeap.0
                0x000000002000027c        0x4 ../../FreeRTOS/FreeRTOS/Source/portable/MemMang/gcc/libFreeRTOSCore2.a(heap_1.o)
 .bss.ucHeap    0x0000000020000280     0x2328 ../../FreeRTOS/FreeRTOS/Source/portable/MemMang/gcc/libFreeRTOSCore2.a(heap_1.o)
 .bss.xNextFreeByte
                0x00000000200025a8        0x4 ../../FreeRTOS/FreeRTOS/Source/portable/MemMang/gcc/libFreeRTOSCore2.a(heap_1.o)
 *(COMMON)
                0x00000000200025ac                _ebss = .
LOAD gcc/project.o
LOAD gcc/startup_gcc.o
LOAD ../../FreeRTOS/FreeRTOS/Source/gcc/libFreeRTOSCore.a
LOAD ../../FreeRTOS/FreeRTOS/Source/portable/MemMang/gcc/libFreeRTOSCore2.a
LOAD ../../FreeRTOS/FreeRTOS/Source/portable/GCC/ARM_CM4F/gcc/libFreeRTOSCore3.a
LOAD ../../TivaWare/driverlib/gcc/libdriver.a
LOAD /home/calper/gcc-arm-none-eabi-10.3-2021.10-x86_64-linux/gcc-arm-none-eabi-10.3-2021.10/bin/../lib/gcc/arm-none-eabi/10.3.1/../../../../arm-none-eabi/lib/thumb/v7e-m+fp/hard/libm.a
LOAD /home/calper/gcc-arm-none-eabi-10.3-2021.10-x86_64-linux/gcc-arm-none-eabi-10.3-2021.10/bin/../lib/gcc/arm-none-eabi/10.3.1/../../../../arm-none-eabi/lib/thumb/v7e-m+fp/hard/libc.a
LOAD /home/calper/gcc-arm-none-eabi-10.3-2021.10-x86_64-linux/gcc-arm-none-eabi-10.3-2021.10/bin/../lib/gcc/arm-none-eabi/10.3.1/thumb/v7e-m+fp/hard/libgcc.a
OUTPUT(gcc/project.axf elf32-littlearm)
LOAD linker stubs

.comment        0x0000000000000000       0x49
 .comment       0x0000000000000000       0x49 gcc/project.o
                                         0x4a (size before relaxing)
 .comment       0x0000000000000049       0x4a gcc/startup_gcc.o
 .comment       0x0000000000000049       0x4a ../../FreeRTOS/FreeRTOS/Source/gcc/libFreeRTOSCore.a(tasks.o)
 .comment       0x0000000000000049       0x4a ../../FreeRTOS/FreeRTOS/Source/gcc/libFreeRTOSCore.a(list.o)
 .comment       0x0000000000000049       0x4a ../../FreeRTOS/FreeRTOS/Source/portable/MemMang/gcc/libFreeRTOSCore2.a(heap_1.o)
 .comment       0x0000000000000049       0x4a ../../FreeRTOS/FreeRTOS/Source/portable/GCC/ARM_CM4F/gcc/libFreeRTOSCore3.a(port.o)
 .comment       0x0000000000000049       0x4a ../../TivaWare/driverlib/gcc/libdriver.a(gpio.o)
 .comment       0x0000000000000049       0x4a ../../TivaWare/driverlib/gcc/libdriver.a(sysctl.o)

.ARM.attributes
                0x0000000000000000       0x32
 .ARM.attributes
                0x0000000000000000       0x34 gcc/project.o
 .ARM.attributes
                0x0000000000000034       0x34 gcc/startup_gcc.o
 .ARM.attributes
                0x0000000000000068       0x34 ../../FreeRTOS/FreeRTOS/Source/gcc/libFreeRTOSCore.a(tasks.o)
 .ARM.attributes
                0x000000000000009c       0x34 ../../FreeRTOS/FreeRTOS/Source/gcc/libFreeRTOSCore.a(list.o)
 .ARM.attributes
                0x00000000000000d0       0x34 ../../FreeRTOS/FreeRTOS/Source/portable/MemMang/gcc/libFreeRTOSCore2.a(heap_1.o)
 .ARM.attributes
                0x0000000000000104       0x34 ../../FreeRTOS/FreeRTOS/Source/portable/GCC/ARM_CM4F/gcc/libFreeRTOSCore3.a(port.o)
 .ARM.attributes
                0x0000000000000138       0x34 ../../TivaWare/driverlib/gcc/libdriver.a(gpio.o)
 .ARM.attributes
                0x000000000000016c       0x34 ../../TivaWare/driverlib/gcc/libdriver.a(sysctl.o)
 .ARM.attributes
                0x00000000000001a0       0x1c /home/calper/gcc-arm-none-eabi-10.3-2021.10-x86_64-linux/gcc-arm-none-eabi-10.3-2021.10/bin/../lib/gcc/arm-none-eabi/10.3.1/../../../../arm-none-eabi/lib/thumb/v7e-m+fp/hard/libc.a(lib_a-memcpy.o)
